node.exe : FAIL tests/basic.test.js
At line:1 char:1
+ & "C:\Program Files\nodejs/node.exe" "C:\Program Files\nodejs/node_mo ...
+ ~~~~~~~~~~~~~~~~~~~~~~~~~~~~~~~~~~~~~~~~~~~~~~~~~~~~~~~~~~~~~~~~~~~~~
    + CategoryInfo          : NotSpecified: (FAIL tests/basic.test.js:Strin 
   g) [], RemoteException
    + FullyQualifiedErrorId : NativeCommandError
 
  Basic Game Functions
    ΓêÜ should run a basic test (4 ms)
    ├ù should have access to basic utilities (8 ms)
    ├ù should have access to constants (1 ms)
    ├ù clamp function should work correctly (1 ms)
    ├ù hash functions should be consistent (3 ms)
    ├ù block definitions should be valid

  ΓùÅ Basic Game Functions ΓÇ║ should have access to basic utilities

    expect(received).toBe(expected) // Object.is equality

    Expected: "function"
    Received: "undefined"

    [0m [90m 16 |[39m
     [90m 17 |[39m     test([32m'should have access to basic 
utilities'[39m[33m,[39m () [33m=>[39m {
    [31m[1m>[22m[39m[90m 18 |[39m         expect([36mtypeof[39m 
clamp)[33m.[39mtoBe([32m'function'[39m)[33m;[39m
     [90m    |[39m                              [31m[1m^[22m[39m
     [90m 19 |[39m         expect([36mtypeof[39m 
rr)[33m.[39mtoBe([32m'function'[39m)[33m;[39m
     [90m 20 |[39m         expect([36mtypeof[39m 
rInt)[33m.[39mtoBe([32m'function'[39m)[33m;[39m
     [90m 21 |[39m     })[33m;[39m[0m

      at Object.toBe (tests/basic.test.js:18:30)

  ΓùÅ Basic Game Functions ΓÇ║ should have access to constants

    ReferenceError: DIRS is not defined

    [0m [90m 22 |[39m
     [90m 23 |[39m     test([32m'should have access to 
constants'[39m[33m,[39m () [33m=>[39m {
    [31m[1m>[22m[39m[90m 24 |[39m         
expect([33mDIRS[39m)[33m.[39mtoBeDefined()[33m;[39m
     [90m    |[39m                [31m[1m^[22m[39m
     [90m 25 |[39m         
expect([33mWORLD[39m)[33m.[39mtoBeDefined()[33m;[39m
     [90m 26 |[39m         
expect([33mBLOCKS[39m)[33m.[39mtoBeDefined()[33m;[39m
     [90m 27 |[39m         
expect([33mI_NAMES[39m)[33m.[39mtoBeDefined()[33m;[39m[0m

      at Object.DIRS (tests/basic.test.js:24:16)

  ΓùÅ Basic Game Functions ΓÇ║ clamp function should work correctly

    ReferenceError: clamp is not defined

    [0m [90m 29 |[39m
     [90m 30 |[39m     test([32m'clamp function should work 
correctly'[39m[33m,[39m () [33m=>[39m {
    [31m[1m>[22m[39m[90m 31 |[39m         
expect(clamp([35m5[39m[33m,[39m [35m0[39m[33m,[39m 
[35m10[39m))[33m.[39mtoBe([35m5[39m)[33m;[39m
     [90m    |[39m         [31m[1m^[22m[39m
     [90m 32 |[39m         expect(clamp([33m-[39m[35m5[39m[33m,[39m 
[35m0[39m[33m,[39m [35m10[39m))[33m.[39mtoBe([35m0[39m)[33m;[39m
     [90m 33 |[39m         expect(clamp([35m15[39m[33m,[39m 
[35m0[39m[33m,[39m 
[35m10[39m))[33m.[39mtoBe([35m10[39m)[33m;[39m
     [90m 34 |[39m     })[33m;[39m[0m

      at Object.expect (tests/basic.test.js:31:9)

  ΓùÅ Basic Game Functions ΓÇ║ hash functions should be consistent

    ReferenceError: hash32 is not defined

    [0m [90m 35 |[39m
     [90m 36 |[39m     test([32m'hash functions should be 
consistent'[39m[33m,[39m () [33m=>[39m {
    [31m[1m>[22m[39m[90m 37 |[39m         [36mconst[39m result1 
[33m=[39m hash32([35m12345[39m)[33m;[39m
     [90m    |[39m                         [31m[1m^[22m[39m
     [90m 38 |[39m         [36mconst[39m result2 [33m=[39m 
hash32([35m12345[39m)[33m;[39m
     [90m 39 |[39m         
expect(result1)[33m.[39mtoBe(result2)[33m;[39m
     [90m 40 |[39m         expect([36mtypeof[39m 
result1)[33m.[39mtoBe([32m'number'[39m)[33m;[39m[0m

      at Object.hash32 (tests/basic.test.js:37:25)

  ΓùÅ Basic Game Functions ΓÇ║ block definitions should be valid

    ReferenceError: BLOCKS is not defined

    [0m [90m 42 |[39m
     [90m 43 |[39m     test([32m'block definitions should be 
valid'[39m[33m,[39m () [33m=>[39m {
    [31m[1m>[22m[39m[90m 44 |[39m         
[33mObject[39m[33m.[39mvalues([33mBLOCKS[39m)[33m.[39mforEach(block 
[33m=>[39m {
     [90m    |[39m                       [31m[1m^[22m[39m
     [90m 45 |[39m             
expect(block[33m.[39mid)[33m.[39mtoBeDefined()[33m;[39m
     [90m 46 |[39m             
expect(block[33m.[39mname)[33m.[39mtoBeDefined()[33m;[39m
     [90m 47 |[39m             expect(block[33m.[39mhp)[33m.[39mtoBeGr
eaterThan([35m0[39m)[33m;[39m[0m

      at Object.BLOCKS (tests/basic.test.js:44:23)

Test Suites: 1 failed, 1 total
Tests:       5 failed, 1 passed, 6 total
Snapshots:   0 total
Time:        1.938 s
Ran all test suites matching /tests\\basic.test.js/i.
